{
  "generatedAt": "2026-09-15T07:50:53.462Z",
  "basis": "Actual buildCollection and sortCollection functions, current app content files; base catalogue without device-only additions. Live publication is verified separately.",
  "totalVisibleEntries": 8523,
  "withSummary": 6132,
  "withoutSummary": 2391,
  "sourceAbsenceEstablished": 0,
  "shortSummaryReviewCount": 880,
  "routes": {
    "summary_present": 5252,
    "retrieve_additional_sources": 980,
    "existing_matched_source": 933,
    "existing_source_identity_review": 478,
    "short_summary_review": 880
  },
  "missingByRank": {
    "hybrid": 243,
    "genushybrid": 7,
    "genus": 721,
    "species": 1264,
    "order": 5,
    "complex": 27,
    "tribe": 15,
    "class": 2,
    "family": 27,
    "subgenus": 19,
    "section": 45,
    "subtribe": 5,
    "subsection": 7,
    "subfamily": 3,
    "phylum": 1
  },
  "alphabeticalCoverage": {
    "U": {
      "total": 44,
      "withSummary": 35,
      "withoutSummary": 9
    },
    "A": {
      "total": 563,
      "withSummary": 419,
      "withoutSummary": 144
    },
    "B": {
      "total": 608,
      "withSummary": 446,
      "withoutSummary": 162
    },
    "G": {
      "total": 403,
      "withSummary": 281,
      "withoutSummary": 122
    },
    "P": {
      "total": 609,
      "withSummary": 379,
      "withoutSummary": 230
    },
    "C": {
      "total": 1067,
      "withSummary": 762,
      "withoutSummary": 305
    },
    "D": {
      "total": 241,
      "withSummary": 174,
      "withoutSummary": 67
    },
    "E": {
      "total": 266,
      "withSummary": 195,
      "withoutSummary": 71
    },
    "F": {
      "total": 348,
      "withSummary": 258,
      "withoutSummary": 90
    },
    "H": {
      "total": 334,
      "withSummary": 223,
      "withoutSummary": 111
    },
    "I": {
      "total": 104,
      "withSummary": 84,
      "withoutSummary": 20
    },
    "J": {
      "total": 139,
      "withSummary": 113,
      "withoutSummary": 26
    },
    "K": {
      "total": 114,
      "withSummary": 81,
      "withoutSummary": 33
    },
    "L": {
      "total": 384,
      "withSummary": 267,
      "withoutSummary": 117
    },
    "M": {
      "total": 486,
      "withSummary": 365,
      "withoutSummary": 121
    },
    "N": {
      "total": 186,
      "withSummary": 148,
      "withoutSummary": 38
    },
    "O": {
      "total": 164,
      "withSummary": 93,
      "withoutSummary": 71
    },
    "Q": {
      "total": 35,
      "withSummary": 20,
      "withoutSummary": 15
    },
    "R": {
      "total": 390,
      "withSummary": 280,
      "withoutSummary": 110
    },
    "S": {
      "total": 1056,
      "withSummary": 769,
      "withoutSummary": 287
    },
    "T": {
      "total": 422,
      "withSummary": 308,
      "withoutSummary": 114
    },
    "V": {
      "total": 108,
      "withSummary": 75,
      "withoutSummary": 33
    },
    "W": {
      "total": 338,
      "withSummary": 271,
      "withoutSummary": 67
    },
    "X": {
      "total": 5,
      "withSummary": 2,
      "withoutSummary": 3
    },
    "Y": {
      "total": 84,
      "withSummary": 72,
      "withoutSummary": 12
    },
    "Z": {
      "total": 25,
      "withSummary": 12,
      "withoutSummary": 13
    }
  },
  "note": "Presence and word counts are structural checks, not a claim of useful botanical completeness. Short summaries are review candidates, not automatically invalid."
}
