2026-09-15T18:17:43.333967+00:00 Running /home/hankenstein/dev/SideBants/Fieldbook/.venv/bin/python scripts/merge_plant_recovery_content.py --run data/analysis/plant-cli-recovery-auto-001-v1 --run data/analysis/plant-cli-recovery-auto-002-v1 --run data/analysis/plant-cli-recovery-auto-003-v1 --run data/analysis/plant-cli-recovery-auto-004-v1 --run data/analysis/plant-cli-recovery-continuation-v1 --run data/analysis/plant-cli-recovery-local-v1 --run data/analysis/plant-cli-recovery-quota-reset-v1 --run data/analysis/plant-cli-recovery-retrieved-v1 --run data/analysis/plant-cli-recovery-source-enrichment-v1 --run data/analysis/plant-cli-recovery-specialist-round2-v1 --run data/analysis/plant-cli-recovery-specialist-v1 --run data/analysis/plant-cli-recovery-strawberries-v1
{"count":7924,"changedCount":25,"nullSummaryCount":17}
2026-09-15T18:17:44.500913+00:00 Running node scripts/audit_plant_card_coverage.mjs /home/hankenstein/dev/SideBants/Fieldbook/data/analysis/plant-card-release-v2/coverage
{
  "generatedAt": "2026-09-15T18:17:47.774Z",
  "basis": "Actual buildCollection and sortCollection functions, current app content files; base catalogue without device-only additions. Live publication is verified separately.",
  "totalVisibleEntries": 8523,
  "withSummary": 7918,
  "withoutSummary": 605,
  "sourceAbsenceEstablished": 0,
  "shortSummaryReviewCount": 759,
  "routes": {
    "summary_present": 7159,
    "retrieve_additional_sources": 436,
    "short_summary_review": 759,
    "existing_source_identity_review": 70,
    "existing_matched_source": 99
  },
  "missingByRank": {
    "hybrid": 103,
    "genushybrid": 2,
    "species": 352,
    "genus": 49,
    "complex": 26,
    "tribe": 6,
    "subgenus": 16,
    "section": 38,
    "subsection": 7,
    "family": 4,
    "subtribe": 1,
    "subfamily": 1
  },
  "alphabeticalCoverage": {
    "U": {
      "total": 44,
      "withSummary": 42,
      "withoutSummary": 2
    },
    "A": {
      "total": 563,
      "withSummary": 526,
      "withoutSummary": 37
    },
    "B": {
      "total": 608,
      "withSummary": 574,
      "withoutSummary": 34
    },
    "G": {
      "total": 403,
      "withSummary": 378,
      "withoutSummary": 25
    },
    "P": {
      "total": 609,
      "withSummary": 546,
      "withoutSummary": 63
    },
    "C": {
      "total": 1067,
      "withSummary": 982,
      "withoutSummary": 85
    },
    "D": {
      "total": 241,
      "withSummary": 227,
      "withoutSummary": 14
    },
    "E": {
      "total": 266,
      "withSummary": 245,
      "withoutSummary": 21
    },
    "F": {
      "total": 348,
      "withSummary": 333,
      "withoutSummary": 15
    },
    "H": {
      "total": 334,
      "withSummary": 297,
      "withoutSummary": 37
    },
    "I": {
      "total": 104,
      "withSummary": 95,
      "withoutSummary": 9
    },
    "J": {
      "total": 139,
      "withSummary": 135,
      "withoutSummary": 4
    },
    "K": {
      "total": 114,
      "withSummary": 105,
      "withoutSummary": 9
    },
    "L": {
      "total": 384,
      "withSummary": 357,
      "withoutSummary": 27
    },
    "M": {
      "total": 486,
      "withSummary": 458,
      "withoutSummary": 28
    },
    "N": {
      "total": 186,
      "withSummary": 177,
      "withoutSummary": 9
    },
    "O": {
      "total": 164,
      "withSummary": 140,
      "withoutSummary": 24
    },
    "Q": {
      "total": 35,
      "withSummary": 26,
      "withoutSummary": 9
    },
    "R": {
      "total": 390,
      "withSummary": 364,
      "withoutSummary": 26
    },
    "S": {
      "total": 1056,
      "withSummary": 982,
      "withoutSummary": 74
    },
    "T": {
      "total": 422,
      "withSummary": 394,
      "withoutSummary": 28
    },
    "V": {
      "total": 108,
      "withSummary": 102,
      "withoutSummary": 6
    },
    "W": {
      "total": 338,
      "withSummary": 325,
      "withoutSummary": 13
    },
    "X": {
      "total": 5,
      "withSummary": 3,
      "withoutSummary": 2
    },
    "Y": {
      "total": 84,
      "withSummary": 81,
      "withoutSummary": 3
    },
    "Z": {
      "total": 25,
      "withSummary": 24,
      "withoutSummary": 1
    }
  },
  "note": "Presence and word counts are structural checks, not a claim of useful botanical completeness. Short summaries are review candidates, not automatically invalid."
}
2026-09-15T18:17:47.823381+00:00 Running /home/hankenstein/dev/SideBants/Fieldbook/.venv/bin/python scripts/report_plant_recovery.py
{'attemptedTaxa': 3541, 'generationCalls': 358, 'formatPassed': 2564, 'formatFailed': 2, 'nullSummaries': 99, 'elapsedWallSeconds': 38398.578675}
2026-09-15T18:17:48.188317+00:00 Running npm run build:web

> fieldbook@0.1.0 build:web
> node scripts/prepare-web.mjs && tsc -b && vite build --mode web && node scripts/check-web-build.mjs

vite v8.2.2 building client environment for web...
transforming...
✓ 1979 modules transformed.
rendering chunks...
computing gzip size...
dist-web/manifest.webmanifest                            0.37 kB
dist-web/index.html                                      1.94 kB │ gzip:   0.65 kB
dist-web/assets/worker-dttPl4wO.js                     148.28 kB
dist-web/assets/maplibre-gl-worker-CobTyBCT.js         486.83 kB
dist-web/assets/index-CdUjqy16.css                      39.91 kB │ gzip:   9.12 kB
dist-web/assets/map-CKRTiAqP.css                        82.86 kB │ gzip:  10.71 kB
dist-web/assets/countryCatalogue-2CneM8Vy.js             0.14 kB │ gzip:   0.13 kB
dist-web/assets/definitions-DlpntO5o.js                  0.35 kB │ gzip:   0.25 kB
dist-web/assets/web-C38zoA2N.js                          0.36 kB │ gzip:   0.24 kB
dist-web/assets/web-O9JXJXdO.js                          1.19 kB │ gzip:   0.54 kB
dist-web/assets/web-DTYw0kM-.js                          2.08 kB │ gzip:   0.85 kB
dist-web/assets/SourceCredits-2Xc_mn0S.js                2.49 kB │ gzip:   1.09 kB
dist-web/assets/Places-BOQok3AG.js                       3.39 kB │ gzip:   1.42 kB
dist-web/assets/Collection-BggYca29.js                   4.83 kB │ gzip:   1.89 kB
dist-web/assets/workbox-window.prod.es5-Bd17z0YL.js      5.65 kB │ gzip:   2.20 kB
dist-web/assets/dist-BsIsPsxN.js                         7.75 kB │ gzip:   3.10 kB
dist-web/assets/web-Bc7Mo60X.js                          8.47 kB │ gzip:   2.83 kB
dist-web/assets/web-B7XKMZ-s.js                          9.46 kB │ gzip:   1.30 kB
dist-web/assets/nativeDatabase-D_1YgZ32.js              19.57 kB │ gzip:   5.05 kB
dist-web/assets/Identify-s3ocZtW7.js                    21.27 kB │ gzip:   7.85 kB
dist-web/assets/appearance-C-gcWqLX.js                  29.94 kB │ gzip:  10.31 kB
dist-web/assets/index-CFARcsvx.js                      382.00 kB │ gzip: 122.04 kB
dist-web/assets/FieldMap-DxtMUCu2.js                   555.10 kB │ gzip: 140.73 kB
dist-web/assets/plant-stories-007-BYZzbgiF.js          646.00 kB │ gzip: 107.19 kB
dist-web/assets/plant-stories-002-CVvLTNkL.js          747.01 kB │ gzip: 135.46 kB
dist-web/assets/plant-stories-004-C-2kSimP.js          747.53 kB │ gzip: 125.90 kB
dist-web/assets/plant-stories-003-C5NbrMWs.js          757.76 kB │ gzip: 133.82 kB
dist-web/assets/plant-stories-005-mVm_uUlq.js          759.89 kB │ gzip: 124.27 kB
dist-web/assets/plant-stories-001-D5p7hHy8.js          767.87 kB │ gzip: 139.76 kB
dist-web/assets/plant-stories-000-CnSflsbc.js          769.73 kB │ gzip: 145.09 kB
dist-web/assets/plant-stories-006-CeY8MrKN.js          930.35 kB │ gzip: 141.60 kB
dist-web/assets/map-krAmKGbf.js                      1,018.38 kB │ gzip: 272.79 kB
dist-web/assets/catalogue-DGun_9ro.js                2,142.14 kB │ gzip: 570.18 kB
dist-web/assets/country-catalogue-AU7SumYa.js        3,356.29 kB │ gzip: 463.12 kB

✓ built in 810ms
[plugin builtin:vite-reporter] 
(!) Some chunks are larger than 1200 kB after minification. Consider:
- Using dynamic import() to code-split the application
- Use build.rolldownOptions.output.codeSplitting to improve chunking: https://rolldown.rs/reference/OutputOptions.codeSplitting
- Adjust chunk size limit for this warning via build.chunkSizeWarningLimit.

PWA v1.3.0
mode      generateSW
precache  41 entries (14124.98 KiB)
files generated
  dist-web/sw.js
  dist-web/workbox-1b18e67d.js
Hosted build checked: 59 files, 241.4 MB; no offline model assets; recognition key inclusion checked against explicit browser opt-in.
2026-09-15T18:17:52.265146+00:00 Running npm run deploy:web

> fieldbook@0.1.0 deploy:web
> node scripts/deploy-web.mjs

Hosted build checked: 59 files, 241.4 MB; no offline model assets; recognition key inclusion checked against explicit browser opt-in.
Uploaded assets/Collection-BggYca29.js
Uploaded assets/FieldMap-DxtMUCu2.js
Uploaded assets/Identify-s3ocZtW7.js
Uploaded assets/Places-BOQok3AG.js
Uploaded assets/SourceCredits-2Xc_mn0S.js
Uploaded assets/appearance-C-gcWqLX.js
Uploaded assets/countryCatalogue-2CneM8Vy.js
Uploaded assets/index-CFARcsvx.js
Uploaded assets/nativeDatabase-D_1YgZ32.js
Uploaded assets/plant-stories-007-BYZzbgiF.js
Uploaded index.html
Uploaded sw.js
Verified https://fieldbook.demos.boombop.io: app, service worker, manifest and map ranges. 12 files uploaded.
2026-09-15T18:18:09.728561+00:00 Running node scripts/check-strawberry-cards.mjs https://fieldbook.demos.boombop.io
PASS: all 11 strawberry search results have summaries; badges and natural food-use paragraphs match saved content; icon-only map and star actions work.
2026-09-15T18:18:14.809307+00:00 Published 25 attempted plants checkpoint
2026-09-15T18:18:14.809596+00:00 Generator stopped; monitor exiting without retries
